PHPUnit 13.0.6 by Sebastian Bergmann and contributors.

Runtime:       PHP 8.4.18
Configuration: /var/www/html/phpunit.dist.xml

NNN.N                                                               5 / 5 (100%)

Time: 00:00.234, Memory: 18.00 MB

OK, but there were issues!
Tests: 5, Assertions: 14, PHPUnit Notices: 4.
